Script started on 2018-05-14 10:45:46+0200
]0;frank@fs-x270:~/prj/kanku-presentation-osc2018/demo/devel-mode]7;file://fs-x270/home/frank/prj/kanku-presentation-osc2018/demo/devel-modedemo-devel-mode# kanku init --domain_name osc18
[32m[2018/05/14 10:46:04][ INFO](26076) KankuFile written[0m
[32m[2018/05/14 10:46:04][ INFO](26076) Now you can make your modifications[0m
[32m[2018/05/14 10:46:04][ INFO](26076) Or start you new VM:[0m
[32m[2018/05/14 10:46:04][ INFO](26076) [0m
[32m[2018/05/14 10:46:04][ INFO](26076) kanku up[0m
]0;frank@fs-x270:~/prj/kanku-presentation-osc2018/demo/devel-mode]7;file://fs-x270/home/frank/prj/kanku-presentation-osc2018/demo/devel-modedemo-devel-mode# kanku up
[32m[2018/05/14 10:46:11][ INFO](26080) Downloading http://download.opensuse.org/repositories/home:/M0ses:/kanku:/Images/images_leap_42_3/Kanku_openSUSE_Leap_42.3_JeOS.x86_64-0.0.1-Build6.70.qcow2[0m
[32m[2018/05/14 10:46:12][ INFO](26080) Uploading /home/frank/.cache/kanku/Kanku_openSUSE_Leap_42.3_JeOS.x86_64-0.0.1-Build6.70.qcow2 via libvirt to osc18.qcow2[0m
[32m[2018/05/14 10:46:12][ INFO](26080) Creating volume 'osc18.qcow2' with format qcow2[0m
[32m[2018/05/14 10:46:12][ INFO](26080) -- _copy_volume -- Uploading file[0m
[32m[2018/05/14 10:46:23][ INFO](26080) -- total_read: 368836608 -- total_sent: 368836608[0m
[32m[2018/05/14 10:46:23][ INFO](26080) -- finally total bytes read/sent: 368836608/368836608[0m
[33m[2018/05/14 10:46:23][ WARN](26080) No template file found![0m
[33m[2018/05/14 10:46:23][ WARN](26080) Using internal template![0m
Connected to domain osc18
Escape character is ^]
[    0.000000] Initializing cgroup subsys cpuset
[    0.000000] Initializing cgroup subsys cpu
[    0.000000] Initializing cgroup subsys cpuacct
[    0.000000] Linux version 4.4.126-48-default (geeko@buildhost) (gcc version 4.8.5 (SUSE Linux) ) #1 SMP Sat Apr 7 05:22:50 UTC 2018 (f24992c)
[    0.000000] Command line: BOOT_IMAGE=/boot/linux.vmx nomodeset console=tty0 console=ttyS0 showopts
[    0.000000] Intel Spectre v2 broken microcode detected; disabling SPEC_CTRL
[    0.000000] x86/fpu: xstate_offset[2]:  576, xstate_sizes[2]:  256
[    0.000000] x86/fpu: xstate_offset[3]:  960, xstate_sizes[3]:   64
[    0.000000] x86/fpu: xstate_offset[4]: 1024, xstate_sizes[4]:   64
[    0.000000] x86/fpu: Supporting XSAVE feature 0x001: 'x87 floating point registers'
[    0.000000] x86/fpu: Supporting XSAVE feature 0x002: 'SSE registers'
[    0.000000] x86/fpu: Supporting XSAVE feature 0x004: 'AVX registers'
[    0.000000] x86/fpu: Supporting XSAVE feature 0x008: 'MPX bounds registers'
[    0.000000] x86/fpu: Supporting XSAVE feature 0x010: 'MPX CSR'
[    0.000000] x86/fpu: Enabled xstate features 0x1f, context size is 1088 bytes, using 'standard' format.
[    0.000000] x86/fpu: Using 'eager' FPU context switches.
[    0.000000] e820: BIOS-provided physical RAM map:
[    0.000000] BIOS-e820: [mem 0x0000000000000000-0x000000000009fbff] usable
[    0.000000] BIOS-e820: [mem 0x000000000009fc00-0x000000000009ffff] reserved
[    0.000000] BIOS-e820: [mem 0x00000000000f0000-0x00000000000fffff] reserved
[    0.000000] BIOS-e820: [mem 0x0000000000100000-0x000000007ffdffff] usable
[    0.000000] BIOS-e820: [mem 0x000000007ffe0000-0x000000007fffffff] reserved
[    0.000000] BIOS-e820: [mem 0x00000000feffc000-0x00000000feffffff] reserved
[    0.000000] BIOS-e820: [mem 0x00000000fffc0000-0x00000000ffffffff] reserved
[    0.000000] NX (Execute Disable) protection: active
[    0.000000] SMBIOS 2.8 present.
[    0.000000] DMI: QEMU Standard PC (i440FX + PIIX, 1996), BIOS 1.0.0-prebuilt.qemu-project.org 04/01/2014
[    0.000000] Hypervisor detected: KVM
[    0.000000] e820: last_pfn = 0x7ffe0 max_arch_pfn = 0x400000000
[    0.000000] x86/PAT: Configuration [0-7]: WB  WC  UC- UC  WB  WC  UC- WT  
[    0.000000] found SMP MP-table at [mem 0x000f5d20-0x000f5d2f] mapped at [ffff8800000f5d20]
[    0.000000] Scanning 1 areas for low memory corruption
[    0.000000] Using GB pages for direct mapping
[    0.000000] RAMDISK: [mem 0x2e72b000-0x3338cfff]
[    0.000000] ACPI: Early table checksum verification disabled
[    0.000000] ACPI: RSDP 0x00000000000F5B00 000014 (v00 BOCHS )
[    0.000000] ACPI: RSDT 0x000000007FFE13F8 000030 (v01 BOCHS  BXPCRSDT 00000001 BXPC 00000001)
[    0.000000] ACPI: FACP 0x000000007FFE124C 000074 (v01 BOCHS  BXPCFACP 00000001 BXPC 00000001)
[    0.000000] ACPI: DSDT 0x000000007FFE0040 00120C (v01 BOCHS  BXPCDSDT 00000001 BXPC 00000001)
[    0.000000] ACPI: FACS 0x000000007FFE0000 000040
[    0.000000] ACPI: APIC 0x000000007FFE1340 000080 (v01 BOCHS  BXPCAPIC 00000001 BXPC 00000001)
[    0.000000] ACPI: HPET 0x000000007FFE13C0 000038 (v01 BOCHS  BXPCHPET 00000001 BXPC 00000001)
[    0.000000] No NUMA configuration found
[    0.000000] Faking a node at [mem 0x0000000000000000-0x000000007ffdffff]
[    0.000000] NODE_DATA(0) allocated [mem 0x7ffb5000-0x7ffdffff]
[    0.000000] kvm-clock: Using msrs 4b564d01 and 4b564d00
[    0.000000] kvm-clock: cpu 0, msr 0:7ff35001, primary cpu clock
[    0.000000] kvm-clock: using sched offset of 25017417555 cycles
[    0.000000] clocksource: kvm-clock: mask: 0xffffffffffffffff max_cycles: 0x1cd42e4dffb, max_idle_ns: 881590591483 ns
[    0.000000] Zone ranges:
[    0.000000]   DMA      [mem 0x0000000000001000-0x0000000000ffffff]
[    0.000000]   DMA32    [mem 0x0000000001000000-0x000000007ffdffff]
[    0.000000]   Normal   empty
[    0.000000]   Device   empty
[    0.000000] Movable zone start for each node
[    0.000000] Early memory node ranges
[    0.000000]   node   0: [mem 0x0000000000001000-0x000000000009efff]
[    0.000000]   node   0: [mem 0x0000000000100000-0x000000007ffdffff]
[    0.000000] Initmem setup node 0 [mem 0x0000000000001000-0x000000007ffdffff]
[    0.000000] ACPI: PM-Timer IO Port: 0x608
[    0.000000] ACPI: LAPIC_NMI (acpi_id[0xff] dfl dfl lint[0x1])
[    0.000000] IOAPIC[0]: apic_id 0, version 17, address 0xfec00000, GSI 0-23
[    0.000000] ACPI: INT_SRC_OVR (bus 0 bus_irq 0 global_irq 2 dfl dfl)
[    0.000000] ACPI: INT_SRC_OVR (bus 0 bus_irq 5 global_irq 5 high level)
[    0.000000] ACPI: INT_SRC_OVR (bus 0 bus_irq 9 global_irq 9 high level)
[    0.000000] ACPI: INT_SRC_OVR (bus 0 bus_irq 10 global_irq 10 high level)
[    0.000000] ACPI: INT_SRC_OVR (bus 0 bus_irq 11 global_irq 11 high level)
[    0.000000] Using ACPI (MADT) for SMP configuration information
[    0.000000] ACPI: HPET id: 0x8086a201 base: 0xfed00000
[    0.000000] smpboot: Allowing 2 CPUs, 0 hotplug CPUs
[    0.000000] PM: Registered nosave memory: [mem 0x00000000-0x00000fff]
[    0.000000] PM: Registered nosave memory: [mem 0x0009f000-0x0009ffff]
[    0.000000] PM: Registered nosave memory: [mem 0x000a0000-0x000effff]
[    0.000000] PM: Registered nosave memory: [mem 0x000f0000-0x000fffff]
[    0.000000] e820: [mem 0x80000000-0xfeffbfff] available for PCI devices
[    0.000000] Booting paravirtualized kernel on KVM
[    0.000000] clocksource: refined-jiffies: mask: 0xffffffff max_cycles: 0xffffffff, max_idle_ns: 7645519600211568 ns
[    0.000000] setup_percpu: NR_CPUS:8192 nr_cpumask_bits:2 nr_cpu_ids:2 nr_node_ids:1
[    0.000000] PERCPU: Embedded 37 pages/cpu @ffff88007fc00000 s112664 r8192 d30696 u1048576
[    0.000000] KVM setup async PF for cpu 0
[    0.000000] kvm-stealtime: cpu 0, msr 7fc14140
[    0.000000] PV qspinlock hash table entries: 256 (order: 0, 4096 bytes)
[    0.000000] Built 1 zonelists in Node order, mobility grouping on.  Total pages: 515944
[    0.000000] Policy zone: DMA32
[    0.000000] Kernel command line: BOOT_IMAGE=/boot/linux.vmx nomodeset console=tty0 console=ttyS0 showopts
[    0.000000] PID hash table entries: 4096 (order: 3, 32768 bytes)
[    0.000000] Memory: 1963836K/2096632K available (6427K kernel code, 1493K rwdata, 4708K rodata, 2152K init, 2636K bss, 132796K reserved, 0K cma-reserved)
[    0.000000] Kernel/User page tables isolation: enabled
[    0.000000] Hierarchical RCU implementation.
[    0.000000] 	RCU debugfs-based tracing is enabled.
[    0.000000] 	Build-time adjustment of leaf fanout to 64.
[    0.000000] 	RCU restricting CPUs from NR_CPUS=8192 to nr_cpu_ids=2.
[    0.000000] RCU: Adjusting geometry for rcu_fanout_leaf=64, nr_cpu_ids=2
[    0.000000] NR_IRQS:524544 nr_irqs:440 16
[    0.000000] Console: colour VGA+ 80x25
[    0.000000] console [tty0] enabled
[    0.000000] console [ttyS0] enabled
[    0.000000] clocksource: hpet: mask: 0xffffffff max_cycles: 0xffffffff, max_idle_ns: 19112604467 ns
[    0.000000] tsc: Detected 2904.000 MHz processor
[    0.173711] Calibrating delay loop (skipped) preset value.. 5808.00 BogoMIPS (lpj=11616000)
[    0.175002] pid_max: default: 32768 minimum: 301
[    0.175652] ACPI: Core revision 20150930
[    0.178820] ACPI: 1 ACPI AML tables successfully acquired and loaded
[    0.179981] Security Framework initialized
[    0.180564] AppArmor: AppArmor initialized
[    0.181394] Dentry cache hash table entries: 262144 (order: 9, 2097152 bytes)
[    0.182575] Inode-cache hash table entries: 131072 (order: 8, 1048576 bytes)
[    0.186290] Mount-cache hash table entries: 4096 (order: 3, 32768 bytes)
[    0.187820] Mountpoint-cache hash table entries: 4096 (order: 3, 32768 bytes)
[    0.189268] Initializing cgroup subsys io
[    0.190042] Initializing cgroup subsys memory
[    0.190865] Initializing cgroup subsys devices
[    0.191654] Initializing cgroup subsys freezer
[    0.192427] Initializing cgroup subsys net_cls
[    0.193234] Initializing cgroup subsys perf_event
[    0.194089] Initializing cgroup subsys net_prio
[    0.199778] Initializing cgroup subsys hugetlb
[    0.203384] Initializing cgroup subsys pids
[    0.204157] Intel Spectre v2 broken microcode detected; disabling SPEC_CTRL
[    0.205173] IBRS/IBPB: disabled
[    0.206766] mce: CPU supports 10 MCE banks
[    0.207430] Last level iTLB entries: 4KB 64, 2MB 8, 4MB 8
[    0.208193] Last level dTLB entries: 4KB 64, 2MB 0, 4MB 0, 1GB 4
[    0.209052] Spectre V2 : Mitigation: Full generic retpoline
[    0.210009] Spectre V2 : Filling RSB on context switch
[    0.212205] Freeing SMP alternatives memory: 24K
[    0.218530] ftrace: allocating 26013 entries in 102 pages
[    0.255075] x2apic enabled
[    0.255794] Switched APIC routing to physical x2apic.
[    0.257753] ..TIMER: vector=0x30 apic1=0 pin1=2 apic2=-1 pin2=-1
[    0.260722] smpboot: CPU0: Intel(R) Core(TM) i7-7500U CPU @ 2.70GHz (family: 0x6, model: 0x8e, stepping: 0x9)
[    0.262640] Performance Events: 32-deep LBR, perf_event_intel: Skylake events, Intel PMU driver.
[    0.268074] ... version:                2
[    0.268823] ... bit width:              48
[    0.269587] ... generic registers:      4
[    0.270311] ... value mask:             0000ffffffffffff
[    0.271221] ... max period:             000000007fffffff
[    0.271977] ... fixed-purpose events:   3
[    0.272586] ... event mask:             000000070000000f
[    0.273507] KVM setup paravirtual spinlock
[    0.274686] x86: Booting SMP configuration:
[    0.275339] .... node  #0, CPUs:  smpboot:    smpboot:  #1
[    0.276280] kvm-clock: cpu 1, msr 0:7ff35041, secondary cpu clock
[    0.277222] Intel Spectre v2 broken microcode detected; disabling SPEC_CTRL
[    0.300313] x86: Booted up 1 node, 2 CPUs
[    0.300313] KVM setup async PF for cpu 1
[    0.300317] kvm-stealtime: cpu 1, msr 7fd14140
[    0.302520] smpboot: Total of 2 processors activated (11616.00 BogoMIPS)
[    0.304002] devtmpfs: initialized
[    0.306148] evm: security.selinux
[    0.306748] evm: security.ima
[    0.307299] evm: security.capability
[    0.308634] clocksource: jiffies: mask: 0xffffffff max_cycles: 0xffffffff, max_idle_ns: 7645041785100000 ns
[    0.312934] futex hash table entries: 512 (order: 3, 32768 bytes)
[    0.314197] pinctrl core: initialized pinctrl subsystem
[    0.315204] RTC time:  8:46:48, date: 05/14/18
[    0.316217] NET: Registered protocol family 16
[    0.329295] cpuidle: using governor ladder
[    0.374515] cpuidle: using governor menu
[    0.376026] ACPI: bus type PCI registered
[    0.376829] acpiphp: ACPI Hot Plug PCI Controller Driver version: 0.5
[    0.378293] PCI: Using configuration type 1 for base access
[    0.392257] ACPI: Added _OSI(Module Device)
[    0.393370] ACPI: Added _OSI(Processor Device)
[    0.394559] ACPI: Added _OSI(3.0 _SCP Extensions)
[    0.395850] ACPI: Added _OSI(Processor Aggregator Device)
[    0.399083] ACPI: Interpreter enabled
[    0.401262] ACPI: (supports S0 S3 S4 S5)
[    0.402312] ACPI: Using IOAPIC for interrupt routing
[    0.403640] PCI: Using host bridge windows from ACPI; if necessary, use "pci=nocrs" and report a bug
[    0.422875] ACPI: PCI Root Bridge [PCI0] (domain 0000 [bus 00-ff])
[    0.424539] acpi PNP0A03:00: _OSC: OS supports [ASPM ClockPM Segments MSI]
[    0.426024] acpi PNP0A03:00: _OSC failed (AE_NOT_FOUND); disabling ASPM
[    0.427675] acpi PNP0A03:00: fail to add MMCONFIG information, can't access extended PCI configuration space under this bridge.
[    0.430921] acpiphp: Slot [2] registered
[    0.431994] acpiphp: Slot [3] registered
[    0.433089] acpiphp: Slot [4] registered
[    0.434037] acpiphp: Slot [5] registered
[    0.434821] acpiphp: Slot [6] registered
[    0.436440] acpiphp: Slot [7] registered
[    0.439158] acpiphp: Slot [8] registered
[    0.442055] acpiphp: Slot [9] registered
[    0.443229] acpiphp: Slot [10] registered
[    0.444337] acpiphp: Slot [11] registered
[    0.445457] acpiphp: Slot [12] registered
[    0.446477] acpiphp: Slot [13] registered
[    0.451355] acpiphp: Slot [14] registered
[    0.454855] acpiphp: Slot [15] registered
[    0.456374] acpiphp: Slot [16] registered
[    0.457498] acpiphp: Slot [17] registered
[    0.458602] acpiphp: Slot [18] registered
[    0.459750] acpiphp: Slot [19] registered
[    0.460878] acpiphp: Slot [20] registered
[    0.461866] acpiphp: Slot [21] registered
[    0.462986] acpiphp: Slot [22] registered
[    0.464003] acpiphp: Slot [23] registered
[    0.464984] acpiphp: Slot [24] registered
[    0.465941] acpiphp: Slot [25] registered
[    0.467968] acpiphp: Slot [26] registered
[    0.471745] acpiphp: Slot [27] registered
[    0.472756] acpiphp: Slot [28] registered
[    0.473750] acpiphp: Slot [29] registered
[    0.474732] acpiphp: Slot [30] registered
[    0.475928] acpiphp: Slot [31] registered
[    0.477026] PCI host bridge to bus 0000:00
[    0.480828] pci_bus 0000:00: root bus resource [io  0x0000-0x0cf7 window]
[    0.485733] pci_bus 0000:00: root bus resource [io  0x0d00-0xffff window]
[    0.487195] pci_bus 0000:00: root bus resource [mem 0x000a0000-0x000bffff window]
[    0.488814] pci_bus 0000:00: root bus resource [mem 0x80000000-0xfebfffff window]
[    0.490431] pci_bus 0000:00: root bus resource [bus 00-ff]
[    0.494714] pci 0000:00:01.1: legacy IDE quirk: reg 0x10: [io  0x01f0-0x01f7]
[    0.495972] pci 0000:00:01.1: legacy IDE quirk: reg 0x14: [io  0x03f6]
[    0.497140] pci 0000:00:01.1: legacy IDE quirk: reg 0x18: [io  0x0170-0x0177]
[    0.498389] pci 0000:00:01.1: legacy IDE quirk: reg 0x1c: [io  0x0376]
[    0.505130] pci 0000:00:01.3: quirk: [io  0x0600-0x063f] claimed by PIIX4 ACPI
[    0.506350] pci 0000:00:01.3: quirk: [io  0x0700-0x070f] claimed by PIIX4 SMB
[    0.532800] ACPI: PCI Interrupt Link [LNKA] (IRQs 5 *10 11)
[    0.534612] ACPI: PCI Interrupt Link [LNKB] (IRQs 5 *10 11)
[    0.536183] ACPI: PCI Interrupt Link [LNKC] (IRQs 5 10 *11)
[    0.538253] ACPI: PCI Interrupt Link [LNKD] (IRQs 5 10 *11)
[    0.539902] ACPI: PCI Interrupt Link [LNKS] (IRQs *9)
[    0.542640] ACPI: Enabled 2 GPEs in block 00 to 0F
[    0.543774] vgaarb: loaded
[    0.544401] PCI: Using ACPI for IRQ routing
[    0.545240] NetLabel: Initializing
[    0.545847] NetLabel:  domain hash size = 128
[    0.546444] NetLabel:  protocols = UNLABELED CIPSOv4
[    0.547299] NetLabel:  unlabeled traffic allowed by default
[    0.548267] HPET: 3 timers in total, 0 timers will be used for per-cpu timer
[    0.552856] hpet0: at MMIO 0xfed00000, IRQs 2, 8, 0
[    0.557023] hpet0: 3 comparators, 64-bit 100.000000 MHz counter
[    0.561026] amd_nb: Cannot enumerate AMD northbridges
[    0.561840] clocksource: Switched to clocksource kvm-clock
[    0.574814] AppArmor: AppArmor Filesystem Enabled
[    0.579626] pnp: PnP ACPI init
[    0.580870] pnp: PnP ACPI: found 5 devices
[    0.587726] clocksource: acpi_pm: mask: 0xffffff max_cycles: 0xffffff, max_idle_ns: 2085701024 ns
[    0.589273] NET: Registered protocol family 2
[    0.590206] TCP established hash table entries: 16384 (order: 5, 131072 bytes)
[    0.591456] TCP bind hash table entries: 16384 (order: 6, 262144 bytes)
[    0.592637] TCP: Hash tables configured (established 16384 bind 16384)
[    0.596442] UDP hash table entries: 1024 (order: 3, 32768 bytes)
[    0.597523] UDP-Lite hash table entries: 1024 (order: 3, 32768 bytes)
[    0.598728] NET: Registered protocol family 1
[    0.599519] pci 0000:00:00.0: Limiting direct PCI/PCI transfers
[    0.600532] pci 0000:00:01.0: PIIX3: Enabling Passive Release
[    0.601514] pci 0000:00:01.0: Activating ISA DMA hang workarounds
[    0.648737] ACPI: PCI Interrupt Link [LNKD] enabled at IRQ 11
[    0.692635] Unpacking initramfs...
[    1.577479] Freeing initrd memory: 78216K
[    1.578320] Scanning for low memory corruption every 60 seconds
[    1.579542] kgr: successfully initialized
[    1.580392] audit: initializing netlink subsys (disabled)
[    1.581184] audit: type=2000 audit(1526287610.094:1): initialized
[    1.582574] HugeTLB registered 1 GB page size, pre-allocated 0 pages
[    1.583455] HugeTLB registered 2 MB page size, pre-allocated 0 pages
[    1.584404] zbud: loaded
[    1.585200] VFS: Disk quotas dquot_6.6.0
[    1.585867] VFS: Dquot-cache hash table entries: 512 (order 0, 4096 bytes)
[    1.587132] Key type big_key registered
[    1.588060] Key type asymmetric registered
[    1.588595] Asymmetric key parser 'x509' registered
[    1.589301] Block layer SCSI generic (bsg) driver version 0.4 loaded (major 251)
[    1.590220] io scheduler noop registered
[    1.590730] io scheduler deadline registered
[    1.591390] io scheduler cfq registered (default)
[    1.594792] pci_hotplug: PCI Hot Plug PCI Core version: 0.5
[    1.596107] pciehp: PCI Express Hot Plug Controller Driver version: 0.4
[    1.597205] GHES: HEST is not enabled!
[    1.597927] Serial: 8250/16550 driver, 32 ports, IRQ sharing enabled
[    1.624422] 00:04: ttyS0 at I/O 0x3f8 (irq = 4, base_baud = 115200) is a 16550A
[    1.628813] Non-volatile memory driver v1.3
[    1.629604] Linux agpgart interface v0.103
[    1.630625] i8042: PNP: PS/2 Controller [PNP0303:KBD,PNP0f13:MOU] at 0x60,0x64 irq 1,12
[    1.632582] serio: i8042 KBD port at 0x60,0x64 irq 1
[    1.633419] serio: i8042 AUX port at 0x60,0x64 irq 12
[    1.634396] mousedev: PS/2 mouse device common for all mice
[    1.635530] rtc_cmos 00:00: RTC can wake from S4
[    1.636533] rtc_cmos 00:00: rtc core: registered rtc_cmos as rtc0
[    1.637667] rtc_cmos 00:00: alarms up to one day, y3k, 114 bytes nvram, hpet irqs
[    1.641560] ledtrig-cpu: registered to indicate activity on CPUs
[    1.642666] hidraw: raw HID events driver (C) Jiri Kosina
[    1.643785] NET: Registered protocol family 10
[    1.644765] input: AT Translated Set 2 keyboard as /devices/platform/i8042/serio0/input/input0
[    1.646831] input: VirtualPS/2 VMware VMMouse as /devices/platform/i8042/serio1/input/input3
[    1.649761] registered taskstats version 1
[    1.649766] input: VirtualPS/2 VMware VMMouse as /devices/platform/i8042/serio1/input/input2
[    1.649803] zswap: loaded using pool lzo/zbud
[    1.649816] page_owner is disabled
[    1.661638] Key type encrypted registered
[    1.661643] AppArmor: AppArmor sha1 policy hashing enabled
[    1.661646] ima: No TPM chip found, activating TPM-bypass!
[    1.661659] evm: HMAC attrs: 0x1
[    1.664814]   Magic number: 2:129:776
[    1.664947] rtc_cmos 00:00: setting system clock to 2018-05-14 08:46:49 UTC (1526287609)
[    1.668189] Freeing unused kernel memory: 2152K
[    1.668200] Write protecting the kernel read-only data: 14336k
[    1.671620] Freeing unused kernel memory: 1748K
[    1.675591] Freeing unused kernel memory: 1436K
setterm: cannot (un)set powersave mode: Inappropriate ioctl for device
[9;0][    1.846075] systemd-udevd[202]: starting version 228
[    1.847537] systemd-udevd[203]: Network interface NamePolicy= disabled by default.
[    1.847573] random: systemd-udevd: uninitialized urandom read (16 bytes read, 3 bits of entropy available)
[    1.847661] random: systemd-udevd: uninitialized urandom read (16 bytes read, 3 bits of entropy available)
[    1.847672] random: systemd-udevd: uninitialized urandom read (16 bytes read, 3 bits of entropy available)
[    1.847686] random: systemd-udevd: uninitialized urandom read (16 bytes read, 3 bits of entropy available)
[    1.847707] random: systemd-udevd: uninitialized urandom read (16 bytes read, 3 bits of entropy available)
[    1.862616] random: udevadm: uninitialized urandom read (16 bytes read, 3 bits of entropy available)
[    1.865437] random: udevadm: uninitialized urandom read (16 bytes read, 3 bits of entropy available)
[    1.867305] random: udevadm: uninitialized urandom read (16 bytes read, 3 bits of entropy available)
[    1.867875] random: udevadm: uninitialized urandom read (16 bytes read, 3 bits of entropy available)
[    1.868274] random: udevadm: uninitialized urandom read (16 bytes read, 3 bits of entropy available)
[    1.889883] input: Power Button as /devices/LNXSYSTM:00/LNXPWRBN:00/input/input4
[    1.889916] ACPI: Power Button [PWRF]
[    1.911904] SCSI subsystem initialized
[    1.938377] virtio-pci 0000:00:04.0: virtio_pci: leaving for legacy driver
[    1.975975] ACPI: PCI Interrupt Link [LNKA] enabled at IRQ 10
[    1.976021] virtio-pci 0000:00:05.0: virtio_pci: leaving for legacy driver
[    2.005765] ACPI: PCI Interrupt Link [LNKB] enabled at IRQ 10
[    2.005800] virtio-pci 0000:00:06.0: virtio_pci: leaving for legacy driver
[    2.056772] ACPI: PCI Interrupt Link [LNKC] enabled at IRQ 11
[    2.057227] ahci 0000:00:03.0: AHCI 0001.0000 32 slots 6 ports 1.5 Gbps 0x3f impl SATA mode
[    2.057229] ahci 0000:00:03.0: flags: 64bit ncq only 
[    2.082834] AVX2 version of gcm_enc/dec engaged.
[    2.082835] AES CTR mode by8 optimization enabled
[    2.109388] scsi host0: ahci
[    2.110064] scsi host1: ahci
[    2.110668] scsi host2: ahci
[    2.111400] scsi host3: ahci
[    2.112101] scsi host4: ahci
[    2.112341] scsi host5: ahci
[    2.112423] ata1: SATA max UDMA/133 abar m4096@0xfebc0000 port 0xfebc0100 irq 24
[    2.112431] ata2: SATA max UDMA/133 abar m4096@0xfebc0000 port 0xfebc0180 irq 24
[    2.112440] ata3: SATA max UDMA/133 abar m4096@0xfebc0000 port 0xfebc0200 irq 24
[    2.112447] ata4: SATA max UDMA/133 abar m4096@0xfebc0000 port 0xfebc0280 irq 24
[    2.112517] ata5: SATA max UDMA/133 abar m4096@0xfebc0000 port 0xfebc0300 irq 24
[    2.112526] ata6: SATA max UDMA/133 abar m4096@0xfebc0000 port 0xfebc0380 irq 24
[    2.154734] 9pnet: Installing 9P2000 support
[    2.160380] scsi host6: ata_piix
[    2.161272] scsi host7: ata_piix
[    2.161450] ata7: PATA max MWDMA2 cmd 0x1f0 ctl 0x3f6 bmdma 0xc0c0 irq 14
[    2.161453] ata8: PATA max MWDMA2 cmd 0x170 ctl 0x376 bmdma 0xc0c8 irq 15
[    2.324647] ata7.00: ATA-7: QEMU HARDDISK, 2.3.0, max UDMA/100
[    2.324653] ata7.00: 67108864 sectors, multi 16: LBA48 
[    2.333213] ata7.00: configured for MWDMA2
[    2.420165] ata1: SATA link down (SStatus 0 SControl 300)
[    2.435154] ata3: SATA link down (SStatus 0 SControl 300)
[    2.435639] ata5: SATA link down (SStatus 0 SControl 300)
[    2.436079] ata4: SATA link down (SStatus 0 SControl 300)
[    2.440379] ata2: SATA link down (SStatus 0 SControl 300)
[    2.441186] ata6: SATA link down (SStatus 0 SControl 300)
[    2.447385] scsi 6:0:0:0: Direct-Access     ATA      QEMU HARDDISK    0    PQ: 0 ANSI: 5
[    2.498096] sd 6:0:0:0: [sda] 67108864 512-byte logical blocks: (34.4 GB/32.0 GiB)
[    2.498139] sd 6:0:0:0: [sda] Write Protect is off
[    2.498190] sd 6:0:0:0: [sda] Write cache: enabled, read cache: enabled, doesn't support DPO or FUA
[    2.506495]  sda: sda1
[    2.507445] sd 6:0:0:0: [sda] Attached SCSI disk
[    2.578050] clocksource: tsc: mask: 0xffffffffffffffff max_cycles: 0x29dc05e54fc, max_idle_ns: 440795291716 ns
%G[    2.764061] device-mapper: uevent: version 1.0.3
[    2.764827] device-mapper: ioctl: 4.35.0-ioctl (2016-06-23) initialised: dm-devel@redhat.com
[    2.773270] loop: module loaded
[    2.778557] squashfs: version 4.0 (2009/01/31) Phillip Lougher
[    2.780933] fuse init (API version 7.23)
[    1.058305] Searching for boot device...
[    2.907373] st: Version 20160209, fixed bufsize 32768, s/g segs 256
[    2.919098] sd 6:0:0:0: Attached scsi generic sg0 type 0
[    1.225363] startMultipathd: multipathd not found
[    1.226239] Found boot device: /dev/sda
[    1.263504] Filesystem of VMX system is: ext3 -> /dev/sda1
[    4.101040] EXT4-fs (sda1): mounting ext3 file system using the ext4 subsystem
[    4.122634] EXT4-fs (sda1): mounted filesystem with ordered data mode. Opts: (null)
/dev/sda1: LABEL="ROOT" UUID="1ea72007-6c9e-46eb-948f-89fd8921bf23" TYPE="ext3" PARTUUID="ab1fa4da-01"
[    2.805662] Activating Image: [/dev/sda1]
[    2.826548] Preparing preinit phase...

[    2.856995] Booting System: 
[    0.039486] Calling pre-init stage in system image
[    4.865630] systemd-udevd[1077]: starting version 228
[    4.899255] systemd-udevd[1078]: Network interface NamePolicy= disabled by default.
[    5.422092] random: nonblocking pool is initialized
[    3.503140] Creating dracut based initrd
[   19.415748] device-mapper: core: cleaned up
[   19.424304] systemd-udevd[1078]: Network interface NamePolicy= disabled by default.
[   19.576023] device-mapper: uevent: version 1.0.3
[   19.576882] device-mapper: ioctl: 4.35.0-ioctl (2016-06-23) initialised: dm-devel@redhat.com
[   25.960781] writing new MBR ID to master boot record: 0x4f5a0995
[   30.951204] systemd[1]: systemd 228 running in system mode. (+PAM -AUDIT +SELINUX -IMA +APPARMOR -SMACK +SYSVINIT +UTMP +LIBCRYPTSETUP +GCRYPT -GNUTLS +ACL +XZ -LZ4 +SECCOMP +BLKID -ELFUTILS +KMOD -IDN)
[   30.951210] systemd[1]: Detected virtualization kvm.
[   30.951213] systemd[1]: Detected architecture x86-64.

[   30.955695] systemd[1]: Set hostname to <linux>.
Welcome to [0;32mopenSUSE Leap 42.3[0m!

[   31.072069] systemd[1]: Set up automount Arbitrary Executable File Formats File System Automount Point.
[[0;32m  OK  [0m] Set up automount Arbitrary Executab...ats File System Automount Point.
[   31.077958] systemd[1]: Listening on /dev/initctl Compatibility Named Pipe.
[   31.079217] systemd[1]: Listening on Device-mapper event daemon FIFOs.
[   31.080453] systemd[1]: Listening on Journal Socket.
[[0;32m  OK  [[   31.081321] systemd[1]: Listening on Journal Socket (/dev/log).
0m] Listening on /dev/initctl Compatibility Named Pipe.
[[0;32m  OK  [0m] Listening on Device-mapper event daemon FIFOs.
[   31.084824] systemd[1]: Listening on udev Kernel Socket.
[[0;32m  OK  [0m] Listening on Journal Socket.
[[0;32m  OK  [0m] Listening on Journal Socket (/dev/log).
[[0;32m  OK  [0m] Listening on udev Kernel Socket.
[[0;32m  OK  [0m] Created slice User and Session Slice.
[[0;32m  OK  [0m] Reached target Swap.
[[0;32m  OK  [0m] Listening on udev Control Socket.
[[0;32m  OK  [0m] Reached target Remote File Systems (Pre).
[[0;32m  OK  [0m] Reached target Remote File Systems.
[[0;32m  OK  [0m] Listening on Journal Audit Socket.
[[0;32m  OK  [0m] Created slice System Slice.
[[0;32m  OK  [0m] Started Entropy Daemon based on the HAVEGE algorithm.
         Starting Load Kernel Modules...
[[0;32m  OK  [0m] Reached target Slices.
         Starting Journal Service...
[[0;32m  OK  [0m] Created slice system-getty.slice.
         Starting Setup Virtual Console...
         Mounting Huge Pages File System...
         Starting Rule generator for /dev/root symlink...
%G         Starting Remount Root and Kernel File Systems...
         Mounting POSIX Message Queue File System...
         Mounting Debug File System...
         Starting Create list of required st... nodes for the current kernel...
[[0;32m  OK  [0m] Created slice system-serial\x2dgetty.slice.
[[0;32m  OK  [0m] Mounted Huge Pages File System.
[[0;32m  OK  [0m] Started Journal Service.
[[0;32m  OK  [0m] Started Load Kernel Modules.
         Mounting FUSE Control File System...
         Starting Apply Kernel Variables...
[[0;32m  OK  [0m] Mounted Debug File System.
[[0;32m  OK  [0m] Mounted POSIX Message Queue File System.
[[0;32m  OK  [0m] Mounted FUSE Control File System.
[[0;32m  OK  [0m] Started Rule generator for /dev/root symlink.
[[0;32m  OK  [0m] Started Create list of required sta...ce nodes for the current kernel.
[   31.236034] EXT4-fs (sda1): re-mounted. Opts: (null)
[[0;32m  OK  [0m] Started Remount Root and Kernel File Systems.
         Starting Rebuild Hardware Database...
         Starting Flush Journal to Persistent Storage...
         Starting Create System Users...
         Starting Load/Save Random Seed...
[[0;32m  OK  [0m] Started Apply Kernel Variables.
[   31.342637] systemd-journald[14335]: Received request to flush runtime journal from PID 1
[[0;32m  OK  [0m] Started Flush Journal to Persistent Storage.
[[0;32m  OK  [0m] Started Load/Save Random Seed.
[[0;32m  OK  [0m] Started Create System Users.
         Starting Create Static Device Nodes in /dev...
[[0;32m  OK  [0m] Started Setup Virtual Console.
[[0;32m  OK  [0m] Started Create Static Device Nodes in /dev.
[[0;32m  OK  [0m] Reached target Local File Systems (Pre).
[[0;32m  OK  [0m] Reached target Local File Systems.
         Starting Rebuild Journal Catalog...
         Starting Create Volatile Files and Directories...
         Starting Tell Plymouth To Write Out Runtime Data...
         Starting Restore /run/initramfs on shutdown...
         Starting udev Kernel Device Manager...
[[0;32m  OK  [0m] Started Restore /run/initramfs on shutdown.
[[0;32m  OK  [0m] Started udev Kernel Device Manager.
[[0;32m  OK  [0m] Started Tell Plymouth To Write Out Runtime Data.
[[0;32m  OK  [0m] Started Create Volatile Files and Directories.
         Starting Update UTMP about System Boot/Shutdown...
[[0;32m  OK  [0m] Started Rebuild Journal Catalog.
[[0;32m  OK  [0m] Started Update UTMP about System Boot/Shutdown.
[[0;32m  OK  [0m] Started Rebuild Hardware Database.
         Starting udev Coldplug all Devices...
         Starting Update is Completed...
[[0;32m  OK  [0m] Started Update is Completed.
[[0;32m  OK  [0m] Started udev Coldplug all Devices.
         Starting Show Plymouth Boot Screen...
[   31.807416] ACPI: bus type USB registered
[   31.808261] usbcore: registered new interface driver usbfs
[   31.808280] usbcore: registered new interface driver hub
[   31.808301] usbcore: registered new device driver usb
[   31.829246] ehci_hcd: USB 2.0 'Enhanced' Host Controller (EHCI) Driver
[   31.829703] uhci_hcd: USB Universal Host Controller Interface driver
[   31.829755] piix4_smbus 0000:00:01.3: SMBus Host Controller at 0x700, revision 0
[   31.873463] uhci_hcd 0000:00:01.2: UHCI Host Controller
[   31.873485] uhci_hcd 0000:00:01.2: new USB bus registered, assigned bus number 1
[   31.873501] uhci_hcd 0000:00:01.2: detected 2 ports
[   31.873545] uhci_hcd 0000:00:01.2: irq 11, io base 0x0000c040
[   31.898171] input: PC Speaker as /devices/platform/pcspkr/input/input5
[[0;32m  OK  [0m] Started Show Plymouth Boot Screen.
[[0;32m  OK  [0m] Reached target Paths.
[[0;32m  OK  [0m] Reached target Encrypted Volumes.
[[0;32m  OK  [0m] Reached target System Initialization.
[[0;32m  OK  [0m] Started Daily rotation of log files.
[[0;32m  OK  [0m] Started Daily Cleanup of Temporary Directories.
[[0;32m  OK  [0m] Listening on D-Bus System Message Bus Socket[   31.983070] usb usb1: New USB device found, idVendor=1d6b, idProduct=0001
.
[   31.983072] usb usb1: New USB device strings: Mfr=3, Product=2, SerialNumber=1
[[0;32m  OK  [0m] Reached target Sockets.
[[0;32m  OK  [0m] Started Discard unused blocks once a week.
[[0;32m  OK  [0m] Reached target Timers.
[[0;32m  OK  [0m] Started Forward Password Requests to Plymouth Directory Watch.
[[0;32m  OK  [0m] Reached targ[   31.983074] usb usb1: Product: UHCI Host Controller
et Basic System.[   31.983075] usb usb1: Manufacturer: Linux 4.4.126-48-default uhci_hcd
[   31.983076] usb usb1: SerialNumber: 0000:00:01.2

[   31.992033] hub 1-0:1.0: USB hub found
[   31.992040] hub 1-0:1.0: 2 ports detected
[   32.046402] FDC 0 is a S82078B
[[0;32m  OK  [0m] Started D-Bus System Message Bus.
%G         Starting wicked DHCPv6 supplicant service...
         Starting Login Service...
         Starting /etc/init.d/boot.local Compatibility...
         Starting wicked AutoIPv4 supplicant service...
         Starting wicked DHCPv4 supplicant service...
         Starting System Logging Service...
         Starting Permit User Sessions...
         Starting Purge old kernels...
[[0;32m  OK  [0m] Started /etc/init.d/boot.local Compatibility.
[[0;32m  OK  [0m] Started Login Service.
[[0;32m  OK  [0m] Started Permit User Sessions.
         Starting Terminate Plymouth Boot Screen...
         Starting Hold until boot process finishes up...
[[0;32m  OK  [0m] Started System Logging Service.
[[0;32m  OK  [0m] Started wicked AutoIPv4 supplicant service.
[[0;32m  OK  [0m] Started wicked DHCPv4 supplicant service.
[   32.717379] No iBFT detected.
[   32.928836] NET: Registered protocol family 17

Welcome to openSUSE Leap 42.3 - Kernel 4.4.126-48-default (ttyS0).


linux login: root
Password: 
Have a lot of fun...
[1mlinux:~ #[m([32m[2018/05/14 10:47:27][ INFO](26080)  - Logged in sucessfully: 'linux:~ #'[0m
B export PS1="Kanku-prompt: "
Kanku-prompt: [32m[2018/05/14 10:47:27][ INFO](26080)  - Prompt set sucessfully: '
Kanku-prompt: '[0m
Use of uninitialized value in concatenation (.) or string at /home/frank/prj/kanku/bin/../lib/Kanku/Handler/CreateDomain.pm line 331, <DATA> line 55.
mkdir -p /tmp/kanku
Kanku-prompt: echo $?
0
Kanku-prompt: echo "kankushare /tmp/kanku 9p trans=virtio,version=9p2000.L 1 0"  >> /etc/fstab
Kanku-prompt: echo $?
0
Kanku-prompt: mount -a
[   38.662320] FS-Cache: Loaded
[   38.664941] 9p: Installing v9fs 9p2000 file system support
[   38.665069] FS-Cache: Netfs '9p' registered for caching
Kanku-prompt: echo $?
0
Kanku-prompt: echo 'force_drivers+="9p 9pnet 9pnet_virtio"' >> /etc/dracut.conf. d/98-kanku.conf
Kanku-prompt: echo $?
0
Kanku-prompt: dracut --force
dracut: Executing: /usr/bin/dracut --force
dracut: dracut module 'modsign' will not be installed, because command 'keyctl' could not be found!
dracut: dracut module 'url-lib' will not be installed, because command 'curl' could not be found!
dracut: dracut module 'btrfs' will not be installed, because command 'btrfs' could not be found!
dracut: dracut module 'crypt' will not be installed, because command 'cryptsetup' could not be found!
dracut: dracut module 'dmraid' will not be installed, because command 'dmraid' could not be found!
dracut: dracut module 'lvm' will not be installed, because command 'lvm' could not be found!
dracut: dracut module 'mdraid' will not be installed, because command 'mdadm' could not be found!
dracut: dracut module 'cifs' will not be installed, because command 'mount.cifs' could not be found!
dracut: dracut module 'iscsi' will not be installed, because command 'iscsi-iname' could not be found!
dracut: dracut module 'iscsi' will not be installed, because command 'iscsiadm' could not be found!
dracut: dracut module 'iscsi' will not be installed, because command 'iscsid' could not be found!
dracut: dracut module 'nfs' will not be installed, because command 'rpc.statd' could not be found!
dracut: dracut module 'nfs' will not be installed, because command 'mount.nfs' could not be found!
dracut: dracut module 'nfs' will not be installed, because command 'mount.nfs4' could not be found!
dracut: dracut module 'img-lib' will not be installed, because command 'tar' could not be found!
dracut: dracut module 'modsign' will not be installed, because command 'keyctl' could not be found!
dracut: dracut module 'url-lib' will not be installed, because command 'curl' could not be found!
dracut: dracut module 'btrfs' will not be installed, because command 'btrfs' could not be found!
dracut: dracut module 'crypt' will not be installed, because command 'cryptsetup' could not be found!
dracut: dracut module 'dmraid' will not be installed, because command 'dmraid' could not be found!
dracut: dracut module 'lvm' will not be installed, because command 'lvm' could not be found!
dracut: dracut module 'mdraid' will not be installed, because command 'mdadm' could not be found!
dracut: dracut module 'cifs' will not be installed, because command 'mount.cifs' could not be found!
dracut: dracut module 'iscsi' will not be installed, because command 'iscsi-iname' could not be found!
dracut: dracut module 'iscsi' will not be installed, because command 'iscsiadm' could not be found!
dracut: dracut module 'iscsi' will not be installed, because command 'iscsid' could not be found!
dracut: dracut module 'nfs' will not be installed, because command 'rpc.statd' could not be found!
dracut: dracut module 'nfs' will not be installed, because command 'mount.nfs' could not be found!
dracut: dracut module 'nfs' will not be installed, because command 'mount.nfs4' could not be found!
dracut: dracut module 'img-lib' will not be installed, because command 'tar' could not be found!
dracut: *** Including module: bash ***
dracut: *** Including module: systemd ***
dracut: *** Including module: systemd-initrd ***
dracut: *** Including module: i18n ***
dracut: *** Including module: kernel-modules ***
dracut: *** Including module: qemu ***
dracut: *** Including module: rootfs-block ***
dracut: *** Including module: terminfo ***
dracut: *** Including module: udev-rules ***
dracut: Skipping udev rule: 40-redhat.rules
dracut: Skipping udev rule: 50-firmware.rules
dracut: Skipping udev rule: 50-udev.rules
dracut: Skipping udev rule: 91-permissions.rules
dracut: Skipping udev rule: 80-drivers-modprobe.rules
dracut: *** Including module: dracut-systemd ***
dracut: *** Including module: haveged ***
dracut: *** Including module: usrmount ***
dracut: *** Including module: base ***
dracut: *** Including module: fs-lib ***
dracut: *** Including module: shutdown ***
dracut: *** Including module: suse ***
dracut: *** Including modules done ***
dracut: *** Installing kernel module dependencies and firmware ***
dracut: *** Installing kernel module dependencies and firmware done ***
dracut: *** Resolving executable dependencies ***
dracut: *** Resolving executable dependencies done***
dracut: *** Hardlinking files ***
dracut: *** Hardlinking files done ***
dracut: *** Stripping files ***
dracut: *** Stripping files done ***
dracut: *** Generating early-microcode cpio image ***
dracut: *** Store current command line parameters ***
dracut: Stored kernel commandline:
dracut: rd.driver.pre=9p
rd.driver.pre=9pnet
rd.driver.pre=9pnet_virtio
dracut:  root=UUID=1ea72007-6c9e-46eb-948f-89fd8921bf23 rootfstype=ext3 rootflags=rw,relatime,data=ordered
dracut: *** Creating image file '/boot/initrd-4.4.126-48-default' ***
dracut: *** Creating initramfs image file '/boot/initrd-4.4.126-48-default' done ***
Kanku-prompt: echo $?
0
Kanku-prompt: grub2-install `cut -f2 -d\  /boot/grub2/device.map |head`
Installing for i386-pc platform.
Installation finished. No error reported.
Kanku-prompt: echo $?
0
Kanku-prompt: id kanku || { useradd -m -s /bin/bash kanku && { echo kanku:kankus ho | chpasswd ; } ; echo "Added user"; }
uid=1000(kanku) gid=100(users) groups=100(users)
Kanku-prompt: echo $?
0
Kanku-prompt: echo "osc18" > /etc/hostname
Kanku-prompt: echo $?
0
Kanku-prompt: hostname "osc18"
Kanku-prompt: echo $?
0
Kanku-prompt: [33m[2018/05/14 10:47:46][ WARN](26080) No management_interface set. Your dhcp-server will not get updated hostname[0m
exit
logout
Connected to domain osc18
Escape character is ^]

Welcome to openSUSE Leap 42.3 - Kernel 4.4.126-48-default (ttyS0).


osc18 login: 
Welcome to openSUSE Leap 42.3 - Kernel 4.4.126-48-default (ttyS0).


osc18 login: root
Password: 
Last login: Mon May 14 08:47:26 on ttyS0
Have a lot of fun...
[1mosc18:~ #[[32m[2018/05/14 10:48:00][ INFO](26080)  - Logged in sucessfully: 'osc18:~ #'[0m
m(B export PS1="Kanku-prompt: "
Kanku-prompt: [32m[2018/05/14 10:48:00][ INFO](26080)  - Prompt set sucessfully: '
Kanku-prompt: '[0m
[ -d $HOME/.ssh ] || mkdir $HOME/.ssh
Kanku-prompt: echo $?
0
Kanku-prompt: cat <<EOF >> $HOME/.ssh/authorized_keys
> ssh-rsa AAAAB3NzaC1yc2EAAAADAQABAAABAQDS2jtbhdglLbbdg2TimGaa0xZtM2wQiL8cf2xSn+ nOottgQu4RQPvWZiiDD2nqbZBydjghHwJmAy47vFue2uxuWAOMkGhW7YhF+pQEU/86UMwG40yuGAPr1x PUDtM1lZkvEYqg0uz6lMi2b5Nbhgb1ZYjOi4hvUo0s9Lo78Upf8/xdzWH2FRFGeYxRQ77BhwvJ3qV7j6 ZLkCQokL3paJWUU3bF+yWzksa7lNYJ/Kio4gkhorWo6vBuJbZx+jAk3caRiic5e5NSdCmnwml6Tmpk27 8w56QlanASTQ5qi4yxP6pFGjbXmFSPwKu8AbaZN2cIILadhLOZmUdTqtGl3nND Frank Schreiner < schreiner@suse.de>
> 
> 
> EOF
Kanku-prompt: 
Kanku-prompt: echo $?
0
Kanku-prompt: id kanku || useradd -m kanku
echo $?
uid=1000(kanku) gid=100(users) groups=100(users)
Kanku-prompt: e[33m[2018/05/14 10:48:00][ WARN](26080) Execution of command 'id kanku || useradd -m kanku' failed with return code 'id kanku || useradd -m kankuuid=1000(kanku) gid=100(users) groups=100(users)'[0m
cho $?
0
Kanku-prompt: [ -d /home/kanku/.ssh ] || mkdir /home/kanku/.ssh
Kanku-prompt: ec[33m[2018/05/14 10:48:00][ WARN](26080) Execution of command '[ -d /home/kanku/.ssh ] || mkdir /home/kanku/.ssh' failed with return code '[ -d /home/kanku/.ssh ] || mkdir /home/kanku/.ssh'[0m
ho $?
0
Kanku-prompt: cat <<EOF >> /home/kanku/.ssh/authorized_keys
> ssh-rsa AAAAB3NzaC1yc2EAAAADAQABAAABAQDS2jtbhdglLbbdg2TimGaa0xZtM2wQiL8cf2xSn+ nOottgQu4RQPvWZiiDD2nqbZBydjghHwJmAy47vFue2uxuWAOMkGhW7YhF+pQEU/86UMwG40yuGAPr1x PUDtM1lZkvEYqg0uz6lMi2b5Nbhgb1ZYjOi4hvUo0s9Lo78Upf8/xdzWH2FRFGeYxRQ77BhwvJ3qV7j6 ZLkCQokL3paJWUU3bF+yWzksa7lNYJ/Kio4gkhorWo6vBuJbZx+jAk3caRiic5e5NSdCmnwml6Tmpk27 8w56QlanASTQ5qi4yxP6pFGjbXmFSPwKu8AbaZN2cIILadhLOZmUdTqtGl3nND Frank Schreiner < schreiner@suse.de>
> 
> 
> EOF
Kanku-prompt: 
Kanku-prompt: echo $?
[33m[2018/05/14 10:48:00][ WARN](26080) Execution of command 'cat <<EOF >> /home/kanku/.ssh/authorized_keys
ssh-rsa AAAAB3NzaC1yc2EAAAADAQABAAABAQDS2jtbhdglLbbdg2TimGaa0xZtM2wQiL8cf2xSn+nOottgQu4RQPvWZiiDD2nqbZBydjghHwJmAy47vFue2uxuWAOMkGhW7YhF+pQEU/86UMwG40yuGAPr1xPUDtM1lZkvEYqg0uz6lMi2b5Nbhgb1ZYjOi4hvUo0s9Lo78Upf8/xdzWH2FRFGeYxRQ77BhwvJ3qV7j6ZLkCQokL3paJWUU3bF+yWzksa7lNYJ/Kio4gkhorWo6vBuJbZx+jAk3caRiic5e5NSdCmnwml6Tmpk278w56QlanASTQ5qi4yxP6pFGjbXmFSPwKu8AbaZN2cIILadhLOZmUdTqtGl3nND Frank Schreiner <schreiner@suse.de>


EOF
' failed with return code 'cat <<EOF >> /home/kanku/.ssh/authorized_keys> ssh-rsa AAAAB3NzaC1yc2EAAAADAQABAAABAQDS2jtbhdglLbbdg2TimGaa0xZtM2wQiL8cf2xSn+ nOottgQu4RQPvWZiiDD2nqbZBydjghHwJmAy47vFue2uxuWAOMkGhW7YhF+pQEU/86UMwG40yuGAPr1x PUDtM1lZkvEYqg0uz6lMi2b5Nbhgb1ZYjOi4hvUo0s9Lo78Upf8/xdzWH2FRFGeYxRQ77BhwvJ3qV7j6 ZLkCQokL3paJWUU3bF+yWzksa7lNYJ/Kio4gkhorWo6vBuJbZx+jAk3caRiic5e5NSdCmnwml6Tmpk27 8w56QlanASTQ5qi4yxP6pFGjbXmFSPwKu8AbaZN2cIILadhLOZmUdTqtGl3nND Frank Schreiner < schreiner@suse.de>> > > EOF'[0m
0
Kanku-prompt: systemctl start sshd.service
Kanku-prompt: ec[33m[2018/05/14 10:48:00][ WARN](26080) Execution of command 'systemctl start sshd.service' failed with return code 'systemctl start sshd.service'[0m
ho $?
0
Kanku-prompt: systemctl enable sshd.service
Created symlink from /etc/systemd/system/multi-user.target.wants/sshd.service to /usr/lib/systemd/system/sshd.service.
Kanku-prompt: echo $[33m[2018/05/14 10:48:01][ WARN](26080) Execution of command 'systemctl enable sshd.service' failed with return code 'systemctl enable sshd.serviceCreated symlink from /etc/systemd/system/multi-user.target.wants/sshd.service to /usr/lib/systemd/system/sshd.service.'[0m
?
0
Kanku-prompt: exit
logout

Welcome to openSUSE Leap 42.3 - Kernel 4.4.126-48-default (ttyS0).


osc18 login: [32m[2018/05/14 10:48:03][ INFO](26080) domain_name : osc18[0m
[32m[2018/05/14 10:48:03][ INFO](26080) ipaddress   : 192.168.129.125[0m
]0;frank@fs-x270:~/prj/kanku-presentation-osc2018/demo/devel-mode]7;file://fs-x270/home/frank/prj/kanku-presentation-osc2018/demo/devel-modedemo-devel-mode# kanku ssh 
Warning: Permanently added '192.168.129.125' (ECDSA) to the list of known hosts.
Have a lot of fun...
kanku@osc18:~> ls /tmp/kanku
demo-devel-mode.log  demo-devel-mode.timing  KankuFile
kanku@osc18:~> touch /tmp/kanku/9p-rulez
kanku@osc18:~> exit
logout
Connection to 192.168.129.125 closed.
]0;frank@fs-x270:~/prj/kanku-presentation-osc2018/demo/devel-mode]7;file://fs-x270/home/frank/prj/kanku-presentation-osc2018/demo/devel-modedemo-devel-mode# ls
[0m[00m9p-rulez[0m  [00mdemo-devel-mode.log[0m  [00mdemo-devel-mode.timing[0m  [00mKankuFile[0m
]0;frank@fs-x270:~/prj/kanku-presentation-osc2018/demo/devel-mode]7;file://fs-x270/home/frank/prj/kanku-presentation-osc2018/demo/devel-modedemo-devel-mode# exit[K[K[K[Kkanku destroy
iptables: No chain/target/match by that name.
[32m[2018/05/14 10:49:02][ INFO](26276) Removed domain osc18 successfully[0m
]0;frank@fs-x270:~/prj/kanku-presentation-osc2018/demo/devel-mode]7;file://fs-x270/home/frank/prj/kanku-presentation-osc2018/demo/devel-modedemo-devel-mode# exit
exit

Script done on 2018-05-14 10:49:08+0200
